{
	"type": "snapshot.6",
	"creator_fw": "1.12.8-0-g33589c9e:release",
	"creator_sn": "S220800180BV2",
	"creator_model": "ngc-full",
	"creator_name": "PAROUSIA-FOH",
	"ae_data": {
		"main": {
			"4": {
				"in": {
					"set": {
						"inv": false,
						"trim": 10,
						"bal": 0
					}
				},
				"col": 3,
				"name": "BRC",
				"icon": 0,
				"led": true,
				"busmono": false,
				"mute": false,
				"fdr": -0.4,
				"pan": 0,
				"wid": 100,
				"mon": "A",
				"eq": {
					"on": false,
					"mdl": "PIA",
					"mix": 100,
					"g": 0,
					"31": 0,
					"63": 0,
					"125": 0,
					"250": 0,
					"500": 0,
					"1k": 0,
					"2k": 0,
					"4k": 0,
					"8k": 0,
					"16k": 0
				},
				"dyn": {
					"on": true,
					"mdl": "RIDE",
					"mix": 100,
					"gain": 0,
					"thr": -42,
					"tgt": -17,
					"spd": 20,
					"ratio": 8,
					"hld": 2.548297,
					"range": 11
				},
				"dynxo": {
					"depth": 6,
					"type": "OFF",
					"f": 1002.374
				},
				"dynsc": {
					"type": "OFF",
					"f": 1002.374,
					"q": 1.995882,
					"src": "SELF",
					"tap": "BUS"
				},
				"preins": {
					"on": true,
					"ins": "FX9"
				},
				"send": {
					"MX1": {
						"on": false,
						"lvl": -144,
						"pre": false
					},
					"MX2": {
						"on": false,
						"lvl": -144,
						"pre": false
					},
					"MX3": {
						"on": false,
						"lvl": -144,
						"pre": false
					},
					"MX4": {
						"on": false,
						"lvl": -144,
						"pre": false
					},
					"MX5": {
						"on": false,
						"lvl": -144,
						"pre": false
					},
					"MX6": {
						"on": false,
						"lvl": -144,
						"pre": false
					},
					"MX7": {
						"on": false,
						"lvl": -144,
						"pre": false
					},
					"MX8": {
						"on": true,
						"lvl": 0,
						"pre": false
					}
				},
				"postins": {
					"on": false,
					"ins": "NONE"
				},
				"dly": {
					"on": false,
					"m": 0.1
				},
				"tags": ""
			}
		},
		"mtx": {
			"8": {
				"in": {
					"set": {
						"inv": false,
						"trim": 0,
						"bal": 0
					}
				},
				"dir": {
					"1": {
						"on": false,
						"lvl": -144,
						"inv": false,
						"in": "OFF",
						"tap": "PRE"
					},
					"2": {
						"on": false,
						"lvl": -144,
						"inv": false,
						"in": "OFF",
						"tap": "PRE"
					}
				},
				"col": 9,
				"name": "BRC",
				"icon": 0,
				"led": true,
				"busmono": false,
				"mute": false,
				"fdr": -0.9,
				"pan": 0,
				"wid": 100,
				"mon": "A",
				"eq": {
					"on": false,
					"mdl": "STD",
					"mix": 100,
					"lg": 0,
					"lf": 60.13884,
					"lq": 1.995882,
					"leq": "SHV",
					"1g": 0,
					"1f": 129.8763,
					"1q": 1.995882,
					"2g": 0,
					"2f": 299.2472,
					"2q": 1.995882,
					"3g": 0,
					"3f": 699.4875,
					"3q": 1.995882,
					"4g": 0,
					"4f": 1499.788,
					"4q": 1.995882,
					"5g": 0,
					"5f": 2992.471,
					"5q": 1.995882,
					"6g": 0,
					"6f": 6013.884,
					"6q": 1.995882,
					"hg": 0,
					"hf": 11994.42,
					"hq": 0.99797,
					"heq": "SHV",
					"tilt": 0
				},
				"dyn": {
					"on": true,
					"mdl": "ECL33",
					"mix": 100,
					"gain": 0,
					"lon": true,
					"lthr": -6.5,
					"lrec": "50",
					"lfast": true,
					"con": true,
					"cthr": -16,
					"ratio": 1.5,
					"crec": "400",
					"cfast": false,
					"cgain": 6
				},
				"dynxo": {
					"depth": 6,
					"type": "OFF",
					"f": 1002.374
				},
				"dynsc": {
					"type": "HP12",
					"f": 189.5381,
					"q": 5.946167,
					"src": "SELF",
					"tap": "BUS"
				},
				"preins": {
					"on": false,
					"ins": "NONE"
				},
				"postins": {
					"on": false,
					"ins": "NONE"
				},
				"dly": {
					"on": false,
					"m": 0.1
				},
				"tags": ""
			}
		},
		"fx": {
			"9": {
				"mdl": "C5-CMB",
				"fxmix": 100,
				"thr": -17.9,
				"gain": 0,
				"ratio": 2.5,
				"slope": "24",
				"bandsel": 4,
				"att": 7,
				"rel": 195.5021,
				"arel": false,
				"sbc": 5,
				"sbcon": true,
				"thr_1": -5.7,
				"thr_2": -1.099999,
				"thr_3": -0.9,
				"thr_4": -2.4,
				"thr_5": -5.5,
				"gain_1": 4.5,
				"gain_2": 0,
				"gain_3": 0,
				"gain_4": 1.7,
				"gain_5": 2.8,
				"byp_1": false,
				"byp_2": false,
				"byp_3": false,
				"byp_4": false,
				"byp_5": false,
				"width_1": 0,
				"width_2": 0,
				"width_3": 0,
				"width_4": 0,
				"width_5": 0,
				"mix": 100
			}
		}
	}
}