{
	"type": "snapshot.8",
	"creator_fw": "2.0-0-g6617206f:release",
	"creator_sn": "S220800180BV2",
	"creator_model": "ngc-full",
	"creator_version": "SX45-XU2",
	"creator_name": "PAROUSIA-FOH",
	"created": "2023-11-19 11:41:52",
	"active_show": "",
	"active_scene": "I:/library/GLOBAL/snapshots/P.FOH 2023.10.snap",
	"ae_data": {
		"cfg": {
			"talk": {
				"A": {
					"B9": true
				}
			}
		},
		"io": {
			"out": {
				"A": {
					"23": {
						"grp": "BUS",
						"in": 17
					},
					"24": {
						"grp": "BUS",
						"in": 18
					}
				}
			}
		},
		"ch": {
			"1": {
				"send": {
					"1": {
						"on": true,
						"lvl": -10,
						"pon": false,
						"ind": false,
						"mode": "PRE",
						"plink": false,
						"pan": 0,
						"wid": 100
					},
					"9": {
						"on": true,
						"lvl": -5,
						"pon": false,
						"ind": false,
						"mode": "PRE",
						"plink": false,
						"pan": 0,
						"wid": 100
					}
				}
			},
			"2": {
				"send": {
					"1": {
						"on": true,
						"lvl": -10,
						"pon": false,
						"ind": false,
						"mode": "PRE",
						"plink": false,
						"pan": 0,
						"wid": 100
					},
					"9": {
						"on": true,
						"lvl": -5,
						"pon": false,
						"ind": false,
						"mode": "PRE",
						"plink": false,
						"pan": 0,
						"wid": 100
					}
				}
			},
			"3": {
				"send": {
					"1": {
						"on": true,
						"lvl": -10,
						"pon": false,
						"ind": false,
						"mode": "PRE",
						"plink": false,
						"pan": 0,
						"wid": 100
					},
					"9": {
						"on": true,
						"lvl": -5,
						"pon": false,
						"ind": false,
						"mode": "PRE",
						"plink": false,
						"pan": 0,
						"wid": 100
					}
				}
			},
			"4": {
				"send": {
					"1": {
						"on": true,
						"lvl": -10,
						"pon": false,
						"ind": false,
						"mode": "PRE",
						"plink": false,
						"pan": 0,
						"wid": 100
					},
					"9": {
						"on": true,
						"lvl": -5,
						"pon": false,
						"ind": false,
						"mode": "PRE",
						"plink": false,
						"pan": 0,
						"wid": 100
					}
				}
			},
			"5": {
				"send": {
					"1": {
						"on": true,
						"lvl": -10,
						"pon": false,
						"ind": false,
						"mode": "PRE",
						"plink": false,
						"pan": 0,
						"wid": 100
					},
					"9": {
						"on": true,
						"lvl": -5,
						"pon": false,
						"ind": false,
						"mode": "PRE",
						"plink": false,
						"pan": 0,
						"wid": 100
					}
				}
			},
			"6": {
				"send": {
					"1": {
						"on": true,
						"lvl": -10,
						"pon": false,
						"ind": false,
						"mode": "PRE",
						"plink": false,
						"pan": 0,
						"wid": 100
					},
					"9": {
						"on": true,
						"lvl": -5,
						"pon": false,
						"ind": false,
						"mode": "PRE",
						"plink": false,
						"pan": 0,
						"wid": 100
					}
				}
			},
			"7": {
				"send": {
					"1": {
						"on": true,
						"lvl": -10,
						"pon": false,
						"ind": false,
						"mode": "PRE",
						"plink": false,
						"pan": 0,
						"wid": 100
					},
					"9": {
						"on": true,
						"lvl": -5,
						"pon": false,
						"ind": false,
						"mode": "PRE",
						"plink": false,
						"pan": 0,
						"wid": 100
					}
				}
			},
			"8": {
				"send": {
					"1": {
						"on": true,
						"lvl": -10,
						"pon": false,
						"ind": false,
						"mode": "PRE",
						"plink": false,
						"pan": 0,
						"wid": 100
					},
					"9": {
						"on": true,
						"lvl": -5,
						"pon": false,
						"ind": false,
						"mode": "PRE",
						"plink": false,
						"pan": 0,
						"wid": 100
					}
				}
			},
			"9": {
				"send": {
					"9": {
						"on": true,
						"lvl": -10,
						"pon": false,
						"ind": false,
						"mode": "PRE",
						"plink": false,
						"pan": 0,
						"wid": 100
					}
				}
			},
			"10": {
				"send": {
					"9": {
						"on": true,
						"lvl": -10,
						"pon": false,
						"ind": false,
						"mode": "PRE",
						"plink": false,
						"pan": 0,
						"wid": 100
					}
				}
			},
			"11": {
				"send": {
					"9": {
						"on": true,
						"lvl": -10,
						"pon": false,
						"ind": false,
						"mode": "PRE",
						"plink": false,
						"pan": 0,
						"wid": 100
					}
				}
			},
			"12": {
				"send": {
					"9": {
						"on": true,
						"lvl": -10,
						"pon": false,
						"ind": false,
						"mode": "PRE",
						"plink": false,
						"pan": 0,
						"wid": 100
					}
				}
			},
			"13": {
				"send": {
					"9": {
						"on": true,
						"lvl": -10,
						"pon": false,
						"ind": false,
						"mode": "PRE",
						"plink": false,
						"pan": 0,
						"wid": 100
					}
				}
			},
			"14": {
				"send": {
					"9": {
						"on": true,
						"lvl": -10,
						"pon": false,
						"ind": false,
						"mode": "PRE",
						"plink": false,
						"pan": 0,
						"wid": 100
					}
				}
			},
			"15": {
				"send": {
					"9": {
						"on": true,
						"lvl": -10,
						"pon": false,
						"ind": false,
						"mode": "PRE",
						"plink": false,
						"pan": 0,
						"wid": 100
					}
				}
			},
			"16": {
				"send": {
					"9": {
						"on": true,
						"lvl": -10,
						"pon": false,
						"ind": false,
						"mode": "PRE",
						"plink": false,
						"pan": 0,
						"wid": 100
					}
				}
			},
			"17": {
				"send": {
					"9": {
						"on": true,
						"lvl": -10,
						"pon": false,
						"ind": false,
						"mode": "PRE",
						"plink": false,
						"pan": 0,
						"wid": 100
					}
				}
			},
			"18": {
				"send": {
					"9": {
						"on": true,
						"lvl": -10,
						"pon": false,
						"ind": true,
						"mode": "POST",
						"plink": false,
						"pan": 0,
						"wid": 100
					}
				}
			},
			"19": {
				"send": {
					"9": {
						"on": true,
						"lvl": -10,
						"pon": false,
						"ind": true,
						"mode": "POST",
						"plink": false,
						"pan": 0,
						"wid": 100
					}
				}
			},
			"20": {
				"send": {
					"9": {
						"on": true,
						"lvl": -10,
						"pon": false,
						"ind": true,
						"mode": "POST",
						"plink": false,
						"pan": 0,
						"wid": 100
					}
				}
			},
			"21": {
				"send": {
					"9": {
						"on": true,
						"lvl": -10,
						"pon": false,
						"ind": true,
						"mode": "POST",
						"plink": false,
						"pan": 0,
						"wid": 100
					}
				}
			},
			"22": {
				"send": {
					"9": {
						"on": true,
						"lvl": -7.5,
						"pon": false,
						"ind": true,
						"mode": "POST",
						"plink": false,
						"pan": 0,
						"wid": 100
					}
				}
			},
			"23": {
				"send": {
					"9": {
						"on": true,
						"lvl": -7.5,
						"pon": false,
						"ind": true,
						"mode": "POST",
						"plink": false,
						"pan": 0,
						"wid": 100
					}
				}
			},
			"24": {
				"send": {
					"9": {
						"on": true,
						"lvl": -7.5,
						"pon": false,
						"ind": true,
						"mode": "POST",
						"plink": false,
						"pan": 0,
						"wid": 100
					}
				}
			},
			"25": {
				"send": {
					"9": {
						"on": true,
						"lvl": -7.5,
						"pon": false,
						"ind": true,
						"mode": "POST",
						"plink": false,
						"pan": 0,
						"wid": 100
					}
				}
			},
			"26": {
				"send": {
					"9": {
						"on": true,
						"lvl": -7.5,
						"pon": false,
						"ind": true,
						"mode": "POST",
						"plink": false,
						"pan": 0,
						"wid": 100
					}
				}
			},
			"27": {
				"send": {
					"9": {
						"on": true,
						"lvl": -144,
						"pon": false,
						"ind": true,
						"mode": "POST",
						"plink": false,
						"pan": 0,
						"wid": 100
					}
				}
			},
			"28": {
				"send": {
					"9": {
						"on": true,
						"lvl": -144,
						"pon": false,
						"ind": true,
						"mode": "POST",
						"plink": false,
						"pan": 0,
						"wid": 100
					}
				}
			},
			"37": {
				"send": {
					"9": {
						"on": true,
						"lvl": -144,
						"pon": false,
						"ind": false,
						"mode": "PRE",
						"plink": false,
						"pan": 0,
						"wid": 100
					}
				}
			},
			"38": {
				"send": {
					"9": {
						"on": true,
						"lvl": -144,
						"pon": false,
						"ind": false,
						"mode": "PRE",
						"plink": false,
						"pan": 0,
						"wid": 100
					}
				}
			},
			"39": {
				"send": {
					"9": {
						"on": true,
						"lvl": -144,
						"pon": false,
						"ind": false,
						"mode": "PRE",
						"plink": false,
						"pan": 0,
						"wid": 100
					}
				}
			},
			"40": {
				"send": {
					"9": {
						"on": true,
						"lvl": -144,
						"pon": false,
						"ind": false,
						"mode": "PRE",
						"plink": false,
						"pan": 0,
						"wid": 100
					}
				}
			}
		},
		"aux": {
			"1": {
				"send": {
					"9": {
						"on": true,
						"lvl": -10,
						"pon": false,
						"ind": true,
						"mode": "POST",
						"plink": false,
						"pan": 0,
						"wid": 100
					}
				}
			},
			"2": {
				"send": {
					"9": {
						"on": true,
						"lvl": -10,
						"pon": false,
						"ind": true,
						"mode": "POST",
						"plink": false,
						"pan": 0,
						"wid": 100
					}
				}
			},
			"3": {
				"send": {
					"9": {
						"on": true,
						"lvl": -10,
						"pon": false,
						"ind": true,
						"mode": "POST",
						"plink": false,
						"pan": 0,
						"wid": 100
					}
				}
			}
		},
		"bus": {
			"9": {
				"in": {
					"set": {
						"inv": false,
						"trim": 0,
						"bal": 0
					}
				},
				"col": 4,
				"name": "mEXTRA",
				"icon": 0,
				"led": false,
				"busmono": false,
				"mute": false,
				"fdr": -0.047376633,
				"pan": 0,
				"wid": 100,
				"mon": "A",
				"busmode": "PRE",
				"eq": {
					"on": false,
					"mdl": "STD",
					"mix": 100,
					"lg": 0,
					"lf": 60.13883591,
					"lq": 1.995881796,
					"leq": "SHV",
					"1g": 0,
					"1f": 129.8763428,
					"1q": 1.995881796,
					"2g": 0,
					"2f": 299.2471619,
					"2q": 1.995881796,
					"3g": 0,
					"3f": 699.4875488,
					"3q": 1.995881796,
					"4g": 0,
					"4f": 1499.78833,
					"4q": 1.995881796,
					"5g": 0,
					"5f": 2992.470947,
					"5q": 1.995881796,
					"6g": 0,
					"6f": 6013.883789,
					"6q": 1.995881796,
					"hg": 0,
					"hf": 11999.27539,
					"hq": 0.997970223,
					"heq": "SHV",
					"tilt": 0
				},
				"dyn": {
					"on": false,
					"mdl": "COMP",
					"mix": 100,
					"gain": 0,
					"thr": -10,
					"ratio": 3,
					"knee": 3,
					"det": "RMS",
					"att": 50,
					"hld": 20,
					"rel": 152.5651855,
					"env": "LOG",
					"auto": true
				},
				"dynxo": {
					"depth": 6,
					"type": "OFF",
					"f": 1002.37439
				},
				"dynsc": {
					"type": "OFF",
					"f": 1002.37439,
					"q": 1.995881796,
					"src": "SELF",
					"tap": "BUS"
				},
				"preins": {
					"on": false,
					"ins": "NONE"
				},
				"main": {
					"1": {
						"on": false,
						"lvl": -144,
						"pre": false
					},
					"2": {
						"on": false,
						"lvl": -144,
						"pre": false
					},
					"3": {
						"on": false,
						"lvl": 0,
						"pre": false
					},
					"4": {
						"on": false,
						"lvl": -144,
						"pre": false
					}
				},
				"send": {
					"1": {
						"on": false,
						"lvl": -144,
						"pre": false
					},
					"2": {
						"on": false,
						"lvl": -144,
						"pre": false
					},
					"3": {
						"on": false,
						"lvl": -144,
						"pre": false
					},
					"4": {
						"on": false,
						"lvl": -144,
						"pre": false
					},
					"5": {
						"on": false,
						"lvl": -144,
						"pre": false
					},
					"6": {
						"on": false,
						"lvl": -144,
						"pre": false
					},
					"7": {
						"on": false,
						"lvl": -144,
						"pre": false
					},
					"8": {
						"on": false,
						"lvl": -144,
						"pre": false
					},
					"MX1": {
						"on": false,
						"lvl": -144,
						"pre": false
					},
					"MX2": {
						"on": false,
						"lvl": -144,
						"pre": false
					},
					"MX3": {
						"on": false,
						"lvl": -144,
						"pre": false
					},
					"MX4": {
						"on": false,
						"lvl": -144,
						"pre": false
					},
					"MX5": {
						"on": false,
						"lvl": -144,
						"pre": false
					},
					"MX6": {
						"on": false,
						"lvl": -144,
						"pre": false
					},
					"MX7": {
						"on": false,
						"lvl": -144,
						"pre": false
					},
					"MX8": {
						"on": false,
						"lvl": -144,
						"pre": false
					}
				},
				"postins": {
					"on": false,
					"ins": "NONE"
				},
				"tags": ""
			}
		}
	},
	"ce_data": {
		"user": {
			"2": {
				"1": {
					"bu": {
						"mode": "SOF",
						"name": "|MON Extra",
						"ch": 57
					}
				}
			}
		}
	},
	"updated": "2023-12-29 21:40:00"
}