{
	"type": "snapshot.6",
	"creator_fw": "1.12.8-0-g33589c9e:release",
	"creator_sn": "S220800180BV2",
	"creator_model": "ngc-full",
	"creator_name": "PAROUSIA-FOH",
	"scopes": {
		"ch": {
			"1": false,
			"2": false,
			"3": false,
			"4": false,
			"5": false,
			"6": false,
			"7": false,
			"8": false,
			"9": false,
			"10": false,
			"11": false,
			"12": false,
			"13": false,
			"14": false,
			"15": false,
			"16": false,
			"17": false,
			"18": false,
			"19": false,
			"20": false,
			"21": false,
			"22": false,
			"23": false,
			"24": false,
			"25": false,
			"26": false,
			"27": false,
			"28": false,
			"29": false,
			"30": false,
			"31": false,
			"32": false,
			"33": false,
			"34": false,
			"35": false,
			"36": false,
			"37": false,
			"38": false,
			"39": false,
			"40": false
		},
		"aux": {
			"1": false,
			"2": false,
			"3": false,
			"4": false,
			"5": false,
			"6": false,
			"7": false,
			"8": false
		},
		"bus": {
			"1": false,
			"2": false,
			"3": false,
			"4": false,
			"5": false,
			"6": false,
			"7": false,
			"8": false,
			"9": false,
			"10": false,
			"11": false,
			"12": false,
			"13": false,
			"14": false,
			"15": false,
			"16": false
		},
		"main": {
			"1": false,
			"2": false,
			"3": false,
			"4": false
		},
		"mtx": {
			"1": false,
			"2": false,
			"3": false,
			"4": false,
			"5": false,
			"6": false,
			"7": false,
			"8": false
		},
		"fx": {
			"1": false,
			"2": false,
			"3": false,
			"4": false,
			"5": false,
			"6": false,
			"7": false,
			"8": false,
			"9": false,
			"10": false,
			"11": false,
			"12": false,
			"13": false,
			"14": false,
			"15": false,
			"16": false
		},
		"routin": {
			"1": false,
			"2": false,
			"3": false,
			"4": false,
			"5": false,
			"6": false,
			"7": false,
			"8": false,
			"9": false,
			"10": false,
			"11": false,
			"12": false,
			"13": false
		},
		"routout": {
			"1": false,
			"2": false,
			"3": false,
			"4": false,
			"5": false,
			"6": false,
			"7": false,
			"8": false,
			"9": false,
			"10": false,
			"11": false
		},
		"cfg": {
			"groups": false,
			"audio": false,
			"surface": true,
			"custom": false
		},
		"area": {
			"L": false,
			"C": false,
			"R": false
		},
		"data": {
			"1": false,
			"2": false,
			"3": false,
			"4": false,
			"5": false,
			"6": false,
			"7": false,
			"8": false,
			"9": false
		}
	},
	"ce_data": {
		"cfg": {
			"lights": {
				"btns": 16,
				"leds": 15,
				"meters": 12,
				"rgbleds": 3,
				"chlcds": 11,
				"chlcdctr": 29,
				"chedit": 5,
				"main": 5,
				"glow": 0,
				"patch": 0,
				"lamp": 0
			}
		}
	}
}